ASxxxx Linker V03.00/V05.40 + sdld,  page 1.
Hexadecimal  [32-Bits]

Area                                    Addr        Size        Decimal Bytes (Attributes)
--------------------------------        ----        ----        ------- ----- ------------
.  .ABS.                            00000000    00000000 =           0. bytes (ABS,CON)

      Value  Global                              Global Defined In Module
      -----  --------------------------------   ------------------------
     00000000  .__.ABS.                           
     00000000  __start_save                    
     00000000  _rMBC7_SRAM_ENABLE_1               
     00000000  _rRAMG                             
     00000000  l__BASE                         
     00000000  l__BSS                          
     00000000  l__CABS                         
     00000000  l__CODE_0                       
     00000000  l__CODE_255                     
     00000000  l__CRASH_HEADER                 
     00000000  l__CRASH_SCRATCH                
     00000000  l__DABS                         
     00000000  l__HEADER                       
     00000000  l__HEADER_LCD                   
     00000000  l__HEADER_SIO                   
     00000000  l__HEADER_TIMER                 
     00000000  l__HEAP                         
     00000000  l__HEAP_END                     
     00000000  l__LIT                          
     00000000  s__CABS                         
     00000000  s__CRASH_HEADER                 
     00000000  s__CRASH_HEADER0                
     00000000  s__CRASH_HEADER1                
     00000000  s__CRASH_SCRATCH                
     00000000  s__CRASH_SCRATCH2               
     00000000  s__DABS                         
     00000000  s__HEADER                       
     00000000  s__HEADER0                      
     00000000  s__HEADER1                      
     00000000  s__HEADER10                     
     00000000  s__HEADER11                     
     00000000  s__HEADER2                      
     00000000  s__HEADER3                      
     00000000  s__HEADER4                      
     00000000  s__HEADER5                      
     00000000  s__HEADER6                      
     00000000  s__HEADER7                      
     00000000  s__HEADER8                      
     00000000  s__HEADER9                      
     00000000  s__HEADER_LCD                   
     00000000  s__HEADER_LCD0                  
     00000000  s__HEADER_SIO                   
     00000000  s__HEADER_SIO0                  
     00000000  s__HEADER_TIMER                 
     00000000  s__HEADER_TIMER0                
     00000000  s__HEADERa                      
     00000000  s__HEADERb                      
     00000000  s__HEADERc                      
     00000000  s__HEADERd                      
     00000000  s__HEADERe                      
ASxxxx Linker V03.00/V05.40 + sdld,  page 2.
Hexadecimal  [32-Bits]

Area                                    Addr        Size        Decimal Bytes (Attributes)
--------------------------------        ----        ----        ------- ----- ------------
.  .ABS.                            00000000    00000000 =           0. bytes (ABS,CON)

      Value  Global                              Global Defined In Module
      -----  --------------------------------   ------------------------
     00000000  s__HEADERf                      
     00000001  ___bank_VM_ACTOR                   vm_actor
     00000001  ___bank_bg_background_vitrine_ru   bg_background_vitrine_rue_c_
     00000001  ___bank_scene_10_sprites           scene_10_sprites
     00000001  ___bank_sprite_cursor_ratcockgab   sprite_cursor_ratcockgab
     00000001  b_ui_draw_frame                    ui
     00000001  b_ui_draw_text_buffer_char         ui
     00000001  b_ui_init                          ui
     00000001  b_ui_load_tiles                    ui
     00000001  b_ui_run_menu                      ui
     00000001  b_ui_run_modal                     ui
     00000001  b_ui_set_start_tile                ui
     00000001  b_ui_update                        ui
     00000001  b_vm_actor_activate                vm_actor
     00000001  b_vm_actor_begin_update            vm_actor
     00000001  b_vm_actor_deactivate              vm_actor
     00000001  b_vm_actor_emote                   vm_actor
     00000001  b_vm_actor_get_angle               vm_actor
     00000001  b_vm_actor_get_anim_frame          vm_actor
     00000001  b_vm_actor_get_dir                 vm_actor
     00000001  b_vm_actor_get_pos                 vm_actor
     00000001  b_vm_actor_move_cancel             vm_actor
     00000001  b_vm_actor_move_to                 vm_actor
     00000001  b_vm_actor_move_to_init            vm_actor
     00000001  b_vm_actor_move_to_set_dir_x       vm_actor
     00000001  b_vm_actor_move_to_set_dir_y       vm_actor
     00000001  b_vm_actor_move_to_x               vm_actor
     00000001  b_vm_actor_move_to_xy              vm_actor
     00000001  b_vm_actor_move_to_y               vm_actor
     00000001  b_vm_actor_replace_tile            vm_actor
     00000001  b_vm_actor_set_anim                vm_actor
     00000001  b_vm_actor_set_anim_frame          vm_actor
     00000001  b_vm_actor_set_anim_moving         vm_actor
     00000001  b_vm_actor_set_anim_set            vm_actor
     00000001  b_vm_actor_set_anim_tick           vm_actor
     00000001  b_vm_actor_set_bounds              vm_actor
     00000001  b_vm_actor_set_dir                 vm_actor
     00000001  b_vm_actor_set_flags               vm_actor
     00000001  b_vm_actor_set_move_speed          vm_actor
     00000001  b_vm_actor_set_pos                 vm_actor
     00000001  b_vm_actor_set_spritesheet         vm_actor
     00000001  b_vm_actor_set_spritesheet_by_re   vm_actor
     00000001  b_vm_actor_terminate_update        vm_actor
     00000001  l__GSFINAL                      
     00000001  l__HEADER0                      
     00000001  l__HEADER5                      
     00000001  l__HEADERa                      
     00000001  l__HEADERb                      
     00000001  l__HEADERc                      
     00000001  l__HEADERe                      
     00000001  l__HEADERf                      
ASxxxx Linker V03.00/V05.40 + sdld,  page 3.
Hexadecimal  [32-Bits]

Area                                    Addr        Size        Decimal Bytes (Attributes)
--------------------------------        ----        ----        ------- ----- ------------
.  .ABS.                            00000000    00000000 =           0. bytes (ABS,CON)

      Value  Global                              Global Defined In Module
      -----  --------------------------------   ------------------------
     00000002  ___bank_bg_background_bigmaptile   bg_background_bigmaptiled2_t
     00000002  ___bank_bg_logo_tileset            bg_logo_tileset
     00000002  ___bank_cursor_image               cursor_image
     00000002  ___bank_scene_0_sprites            scene_0_sprites
     00000002  ___bank_song_kops_Data             song_kops_Data
     00000002  ___bank_song_welcome_Data          song_welcome_Data
     00000002  l__HEADER10                     
     00000002  l__HEADER6                      
     00000002  l__HEADERd                      
     00000003  ___bank_actor_2_interact           actor_2_interact
     00000003  ___bank_song_gabergabian_Data      song_gabergabian_Data
     00000003  ___bank_song_goodbye_Data          song_goodbye_Data
     00000003  ___bank_song_slab_Data             song_slab_Data
     00000003  ___bank_song_soin_reve_Data        song_soin_reve_Data
     00000003  b_logo_init                        logo
     00000003  b_logo_update                      logo
     00000003  l__HEADER9                      
     00000003  l__HEADER_LCD0                  
     00000004  ___bank_ACTOR                      actor
     00000004  ___bank_VM_MAIN                    vm
     00000004  ___bank_bg_lang_cgb_tileset        bg_lang_cgb_tileset
     00000004  ___bank_font_gbs_mono              font_gbs_mono
     00000004  ___bank_scene_3_sprites            scene_3_sprites
     00000004  ___bank_script_engine_init         
     00000004  ___bank_song_un_comportement_sus   song_un_comportement_suspec_
     00000004  b_activate_actor                   actor
     00000004  b_activate_actors_in_col           actor
     00000004  b_activate_actors_in_row           actor
     00000004  b_activate_persistent_actors       actor
     00000004  b_actor_at_tile                    actor
     00000004  b_actor_get_frame_offset           actor
     00000004  b_actor_in_front_of_player         actor
     00000004  b_actor_overlapping_bb             actor
     00000004  b_actor_overlapping_bb_inc_nocli   actor
     00000004  b_actor_overlapping_player_from    actor
     00000004  b_actor_set_anim_moving            actor
     00000004  b_actor_set_dir                    actor
     00000004  b_actor_set_frame_offset           actor
     00000004  b_actor_with_script_in_front_of_   actor
     00000004  b_actors_handle_player_collision   actor
     00000004  b_actors_init                      actor
     00000004  b_actors_update                    actor
     00000004  b_deactivate_actor                 actor
     00000004  b_player_init                      actor
     00000004  b_script_detach_hthread            vm
     00000004  b_script_execute                   vm
     00000004  b_script_runner_init               vm
     00000004  b_script_terminate                 vm
     00000004  b_vm_call                          vm
     00000004  b_vm_call_far                      vm
     00000004  b_vm_get_indirect                  vm
ASxxxx Linker V03.00/V05.40 + sdld,  page 4.
Hexadecimal  [32-Bits]

Area                                    Addr        Size        Decimal Bytes (Attributes)
--------------------------------        ----        ----        ------- ----- ------------
.  .ABS.                            00000000    00000000 =           0. bytes (ABS,CON)

      Value  Global                              Global Defined In Module
      -----  --------------------------------   ------------------------
     00000004  b_vm_get_tlocal                    vm
     00000004  b_vm_idle                          vm
     00000004  b_vm_if                            vm
     00000004  b_vm_if_const                      vm
     00000004  b_vm_init_rng                      vm
     00000004  b_vm_invoke                        vm
     00000004  b_vm_join                          vm
     00000004  b_vm_jump                          vm
     00000004  b_vm_lock                          vm
     00000004  b_vm_loop                          vm
     00000004  b_vm_memcpy                        vm
     00000004  b_vm_memset                        vm
     00000004  b_vm_poll_loaded                   vm
     00000004  b_vm_pop                           vm
     00000004  b_vm_push                          vm
     00000004  b_vm_push_reference                vm
     00000004  b_vm_push_value                    vm
     00000004  b_vm_push_value_ind                vm
     00000004  b_vm_raise                         vm
     00000004  b_vm_rand                          vm
     00000004  b_vm_rate_limit_const              vm
     00000004  b_vm_reserve                       vm
     00000004  b_vm_ret                           vm
     00000004  b_vm_ret_far                       vm
     00000004  b_vm_set                           vm
     00000004  b_vm_set_const                     vm
     00000004  b_vm_set_indirect                  vm
     00000004  b_vm_terminate                     vm
     00000004  b_vm_test_terminate                vm
     00000004  b_vm_unlock                        vm
     00000004  b_wait_frames                      vm
     00000004  l__CRASH_HEADER1                
     00000004  l__HEADER_SIO0                  
     00000004  l__HEADER_TIMER0                
     00000005  ___bank_VM_GAMEBOY                 vm_gameboy
     00000005  ___bank_bg_1728810502_4_cgb_tile   bg_1728810502_4_cgb_tileset
     00000005  ___bank_bg_1728810502_4_tileset    bg_1728810502_4_tileset
     00000005  ___bank_bg_background_bigmaptile   bg_background_bigmaptiled2_c
     00000005  ___bank_bg_background_bigmaptile   bg_background_bigmaptiled2_t
     00000005  ___bank_bg_soin_bas_cgb_tileset    bg_soin_bas_cgb_tileset
     00000005  b_vm_context_prepare               vm_gameboy
     00000005  b_vm_fade                          vm_gameboy
     00000005  b_vm_get_tile_xy                   vm_gameboy
     00000005  b_vm_input_attach                  vm_gameboy
     00000005  b_vm_input_detach                  vm_gameboy
     00000005  b_vm_input_get                     vm_gameboy
     00000005  b_vm_input_wait                    vm_gameboy
     00000005  b_vm_load_tileset                  vm_gameboy
     00000005  b_vm_poll                          vm_gameboy
     00000005  b_vm_replace_tile                  vm_gameboy
     00000005  b_vm_replace_tile_xy               vm_gameboy
ASxxxx Linker V03.00/V05.40 + sdld,  page 5.
Hexadecimal  [32-Bits]

Area                                    Addr        Size        Decimal Bytes (Attributes)
--------------------------------        ----        ----        ------- ----- ------------
.  .ABS.                            00000000    00000000 =           0. bytes (ABS,CON)

      Value  Global                              Global Defined In Module
      -----  --------------------------------   ------------------------
     00000005  b_vm_rumble                        vm_gameboy
     00000005  b_vm_set_sprite_mode               vm_gameboy
     00000005  b_vm_set_sprites_visible           vm_gameboy
     00000005  b_vm_timer_prepare                 vm_gameboy
     00000005  b_vm_timer_reset                   vm_gameboy
     00000005  b_vm_timer_set                     vm_gameboy
     00000005  b_vm_timer_stop                    vm_gameboy
     00000005  l__CRASH_HEADER0                
     00000005  l__HEADER1                      
     00000006  ___bank_bg_background_vitrine_ru   bg_background_vitrine_rue_c_
     00000006  ___bank_bg_bg_phone_tileset        bg_bg_phone_tileset
     00000006  ___bank_bg_limpasse_titre_cgb_ti   bg_limpasse_titre_cgb_tilese
     00000006  ___bank_bg_limpasse_titre_tilese   bg_limpasse_titre_tileset
     00000006  ___bank_bg_soin_bas_tileset        bg_soin_bas_tileset
     00000006  ___bank_scene_8_collisions         scene_8_collisions
     00000006  b_do_load_palette                  data_manager
     00000006  b_load_background                  data_manager
     00000006  b_load_bkg_tileset                 data_manager
     00000006  b_load_bounds                      data_manager
     00000006  b_load_emote                       data_manager
     00000006  b_load_init                        data_manager
     00000006  b_load_player                      data_manager
     00000006  b_load_scene                       data_manager
     00000006  b_load_sprite                      data_manager
     00000006  b_remove_LCD_ISRs                  interrupts
     00000006  l__HEADER8                      
     00000007  ___bank_bg_background_vitrine_ru   bg_background_vitrine_rue_cg
     00000007  ___bank_bg_background_vitrine_ru   bg_background_vitrine_rue_ti
     00000007  ___bank_bg_bg_phone_cgb_tileset    bg_bg_phone_cgb_tileset
     00000007  ___bank_bg_bg_phone_tilemap        bg_bg_phone_tilemap
     00000007  ___bank_bg_bg_phone_tilemap_attr   bg_bg_phone_tilemap_attr
     00000007  ___bank_bg_soin_haut_tileset       bg_soin_haut_tileset
     00000007  ___bank_scene_4_collisions         scene_4_collisions
     00000007  ___bank_sprite_actor_animated_ti   sprite_actor_animated_tilese
     00000007  b_data_clear                       load_save
     00000007  b_data_init                        load_save
     00000007  b_data_load                        load_save
     00000007  b_data_peek                        load_save
     00000007  b_data_save                        load_save
     00000007  l__HEADER2                      
     00000008  ___bank_VM_UI                      vm_ui
     00000008  ___bank_bg_environnement_comport   bg_environnement_comporteme_
     00000008  ___bank_bg_environnement_comport   bg_environnement_comporteme_
     00000008  ___bank_bg_lang_tileset            bg_lang_tileset
     00000008  ___bank_bg_soin_haut_cgb_tileset   bg_soin_haut_cgb_tileset
     00000008  ___bank_scene_8_actors             scene_8_actors
     00000008  ___bank_scene_9_collisions         scene_9_collisions
     00000008  b_core_reset                       core
     00000008  b_core_run                         core
     00000008  b_projectile_launch                projectiles
     00000008  b_projectiles_init                 projectiles
ASxxxx Linker V03.00/V05.40 + sdld,  page 6.
Hexadecimal  [32-Bits]

Area                                    Addr        Size        Decimal Bytes (Attributes)
--------------------------------        ----        ----        ------- ----- ------------
.  .ABS.                            00000000    00000000 =           0. bytes (ABS,CON)

      Value  Global                              Global Defined In Module
      -----  --------------------------------   ------------------------
     00000008  b_scroll_init                      scroll
     00000008  b_scroll_repaint                   scroll
     00000008  b_scroll_reset                     scroll
     00000008  b_scroll_update                    scroll
     00000008  b_vm_choice                        vm_ui
     00000008  b_vm_display_text                  vm_ui
     00000008  b_vm_overlay_clear                 vm_ui
     00000008  b_vm_overlay_move_to               vm_ui
     00000008  b_vm_overlay_scroll                vm_ui
     00000008  b_vm_overlay_set_map               vm_ui
     00000008  b_vm_overlay_set_scroll            vm_ui
     00000008  b_vm_overlay_set_submap            vm_ui
     00000008  b_vm_overlay_set_submap_ex         vm_ui
     00000008  b_vm_overlay_setpos                vm_ui
     00000008  b_vm_overlay_show                  vm_ui
     00000008  b_vm_overlay_wait                  vm_ui
     00000008  b_vm_set_font                      vm_ui
     00000008  b_vm_set_text_sound                vm_ui
     00000008  b_vm_switch_text_layer             vm_ui
     00000008  l__HEADER3                      
     00000009  ___bank_VM_CAMERA                  vm_camera
     00000009  ___bank_VM_SIO                     vm_sio
     00000009  ___bank_bg_1728810502_4_tilemap    bg_1728810502_4_tilemap
     00000009  ___bank_bg_1728810502_4_tilemap_   bg_1728810502_4_tilemap_attr
     00000009  ___bank_bg_background_bigmaptile   bg_background_bigmaptiled2_t
     00000009  ___bank_bg_environnement_comport   bg_environnement_comporteme_
     00000009  ___bank_bg_environnement_comport   bg_environnement_comporteme_
     00000009  ___bank_scene_4_actors             scene_4_actors
     00000009  ___bank_scene_4_init               scene_4_init
     00000009  ___bank_scene_6_collisions         scene_6_collisions
     00000009  ___bank_scene_9_actors             scene_9_actors
     00000009  ___bank_sprite_character_sprite_   sprite_character_sprite_rcg_
     00000009  ___bank_sprite_character_sprite_   sprite_character_sprite_rcg_
     00000009  ___bank_sprite_none                sprite_none
     00000009  b___HandleCrash_banked             
     00000009  b_camera_shake_frames              vm_camera
     00000009  b_gbprinter_detect                 gbprinter
     00000009  b_gbprinter_print_overlay          gbprinter
     00000009  b_topdown_init                     topdown
     00000009  b_topdown_update                   topdown
     00000009  b_vm_camera_move_to                vm_camera
     00000009  b_vm_camera_set_pos                vm_camera
     00000009  b_vm_sio_exchange                  vm_sio
     00000009  b_vm_sio_set_mode                  vm_sio
     0000000A  ___bank_VM_MATH                    vm_math
     0000000A  ___bank_VM_PALETTE                 vm_palette
     0000000A  ___bank_actor_14_interact          actor_14_interact
     0000000A  ___bank_actor_15_interact          actor_15_interact
     0000000A  ___bank_actor_17_interact          actor_17_interact
     0000000A  ___bank_actor_18_interact          actor_18_interact
     0000000A  ___bank_actor_20_interact          actor_20_interact
ASxxxx Linker V03.00/V05.40 + sdld,  page 7.
Hexadecimal  [32-Bits]

Area                                    Addr        Size        Decimal Bytes (Attributes)
--------------------------------        ----        ----        ------- ----- ------------
.  .ABS.                            00000000    00000000 =           0. bytes (ABS,CON)

      Value  Global                              Global Defined In Module
      -----  --------------------------------   ------------------------
     0000000A  ___bank_actor_31_interact          actor_31_interact
     0000000A  ___bank_actor_34_interact          actor_34_interact
     0000000A  ___bank_actor_35_interact          actor_35_interact
     0000000A  ___bank_actor_3_interact           actor_3_interact
     0000000A  ___bank_actor_9_interact           actor_9_interact
     0000000A  ___bank_bg_lang_tilemap            bg_lang_tilemap
     0000000A  ___bank_bg_lang_tilemap_attr       bg_lang_tilemap_attr
     0000000A  ___bank_bg_soin_bas_tilemap        bg_soin_bas_tilemap
     0000000A  ___bank_bg_soin_bas_tilemap_attr   bg_soin_bas_tilemap_attr
     0000000A  ___bank_bg_soin_haut_tilemap       bg_soin_haut_tilemap
     0000000A  ___bank_scene_10_collisions        scene_10_collisions
     0000000A  ___bank_scene_10_init              scene_10_init
     0000000A  ___bank_scene_11_actors            scene_11_actors
     0000000A  ___bank_scene_2_collisions         scene_2_collisions
     0000000A  ___bank_scene_3_collisions         scene_3_collisions
     0000000A  ___bank_scene_5_init               scene_5_init
     0000000A  ___bank_sprite_character_sprite_   sprite_character_sprite_rcg
     0000000A  ___bank_sprite_cursor_ratcockgab   sprite_cursor_ratcockgab_ban
     0000000A  ___bank_sprite_cursor_ratcockgab   sprite_cursor_ratcockgab_til
     0000000A  ___bank_sprite_rat_nexus_header_   sprite_rat_nexus_header_bank
     0000000A  ___bank_sprite_rat_nexus_header_   sprite_rat_nexus_header_tile
     0000000A  b_atan2                            math_atan2
     0000000A  b_camera_init                      camera
     0000000A  b_camera_update                    camera
     0000000A  b_fade_applypalettechange          fade_manager
     0000000A  b_fade_in                          fade_manager
     0000000A  b_fade_in_modal                    fade_manager
     0000000A  b_fade_init                        fade_manager
     0000000A  b_fade_out                         fade_manager
     0000000A  b_fade_out_modal                   fade_manager
     0000000A  b_fade_setspeed                    fade_manager
     0000000A  b_fade_update                      fade_manager
     0000000A  b_isqrt                            math
     0000000A  b_set_sgb_border                   sgb_border
     0000000A  b_trigger_activate_at              trigger
     0000000A  b_trigger_activate_at_intersecti   trigger
     0000000A  b_trigger_at_tile                  trigger
     0000000A  b_trigger_interact                 trigger
     0000000A  b_trigger_reset                    trigger
     0000000A  b_vm_cos_scale                     vm_math
     0000000A  b_vm_load_palette                  vm_palette
     0000000A  b_vm_sin_scale                     vm_math
     0000000B  ___bank_VM_GBPRINTER               vm_gbprinter
     0000000B  ___bank_VM_LOAD_SAVE               vm_load_save
     0000000B  ___bank_VM_MUSIC                   vm_music
     0000000B  ___bank_VM_PROJECTILE              vm_projectiles
     0000000B  ___bank_VM_RTC                     vm_rtc
     0000000B  ___bank_VM_SCENE                   vm_scene
     0000000B  ___bank_actor_0_update             actor_0_update
     0000000B  ___bank_actor_10_update            actor_10_update
     0000000B  ___bank_actor_11_update            actor_11_update
ASxxxx Linker V03.00/V05.40 + sdld,  page 8.
Hexadecimal  [32-Bits]

Area                                    Addr        Size        Decimal Bytes (Attributes)
--------------------------------        ----        ----        ------- ----- ------------
.  .ABS.                            00000000    00000000 =           0. bytes (ABS,CON)

      Value  Global                              Global Defined In Module
      -----  --------------------------------   ------------------------
     0000000B  ___bank_actor_12_update            actor_12_update
     0000000B  ___bank_actor_13_update            actor_13_update
     0000000B  ___bank_actor_14_update            actor_14_update
     0000000B  ___bank_actor_15_update            actor_15_update
     0000000B  ___bank_actor_16_interact          actor_16_interact
     0000000B  ___bank_actor_16_update            actor_16_update
     0000000B  ___bank_actor_17_update            actor_17_update
     0000000B  ___bank_actor_1_update             actor_1_update
     0000000B  ___bank_actor_20_update            actor_20_update
     0000000B  ___bank_actor_21_update            actor_21_update
     0000000B  ___bank_actor_2_update             actor_2_update
     0000000B  ___bank_actor_31_update            actor_31_update
     0000000B  ___bank_actor_32_interact          actor_32_interact
     0000000B  ___bank_actor_32_update            actor_32_update
     0000000B  ___bank_actor_33_interact          actor_33_interact
     0000000B  ___bank_actor_33_update            actor_33_update
     0000000B  ___bank_actor_34_update            actor_34_update
     0000000B  ___bank_actor_35_update            actor_35_update
     0000000B  ___bank_actor_36_update            actor_36_update
     0000000B  ___bank_actor_37_update            actor_37_update
     0000000B  ___bank_actor_38_update            actor_38_update
     0000000B  ___bank_actor_39_update            actor_39_update
     0000000B  ___bank_actor_3_update             actor_3_update
     0000000B  ___bank_actor_41_update            actor_41_update
     0000000B  ___bank_actor_42_update            actor_42_update
     0000000B  ___bank_actor_43_update            actor_43_update
     0000000B  ___bank_actor_47_update            actor_47_update
     0000000B  ___bank_actor_48_update            actor_48_update
     0000000B  ___bank_actor_49_update            actor_49_update
     0000000B  ___bank_actor_4_update             actor_4_update
     0000000B  ___bank_actor_50_update            actor_50_update
     0000000B  ___bank_actor_51_update            actor_51_update
     0000000B  ___bank_actor_52_update            actor_52_update
     0000000B  ___bank_actor_53_update            actor_53_update
     0000000B  ___bank_actor_5_update             actor_5_update
     0000000B  ___bank_actor_6_update             actor_6_update
     0000000B  ___bank_actor_7_interact           actor_7_interact
     0000000B  ___bank_actor_7_update             actor_7_update
     0000000B  ___bank_actor_8_update             actor_8_update
     0000000B  ___bank_actor_9_update             actor_9_update
     0000000B  ___bank_bg_background_vitrine_ru   bg_background_vitrine_rue_c_
     0000000B  ___bank_bg_background_vitrine_ru   bg_background_vitrine_rue_c_
     0000000B  ___bank_bg_background_vitrine_ru   bg_background_vitrine_rue_ti
     0000000B  ___bank_bg_background_vitrine_ru   bg_background_vitrine_rue_ti
     0000000B  ___bank_bg_limpasse_titre_tilema   bg_limpasse_titre_tilemap
     0000000B  ___bank_bg_limpasse_titre_tilema   bg_limpasse_titre_tilemap_at
     0000000B  ___bank_bg_logo_tilemap            bg_logo_tilemap
     0000000B  ___bank_bg_logo_tilemap_attr       bg_logo_tilemap_attr
     0000000B  ___bank_bg_soin_haut_tilemap_att   bg_soin_haut_tilemap_attr
     0000000B  ___bank_frame_image                frame_image
     0000000B  ___bank_scene_0_actors             scene_0_actors
ASxxxx Linker V03.00/V05.40 + sdld,  page 9.
Hexadecimal  [32-Bits]

Area                                    Addr        Size        Decimal Bytes (Attributes)
--------------------------------        ----        ----        ------- ----- ------------
.  .ABS.                            00000000    00000000 =           0. bytes (ABS,CON)

      Value  Global                              Global Defined In Module
      -----  --------------------------------   ------------------------
     0000000B  ___bank_scene_0_collisions         scene_0_collisions
     0000000B  ___bank_scene_11_collisions        scene_11_collisions
     0000000B  ___bank_scene_11_init              scene_11_init
     0000000B  ___bank_scene_12_collisions        scene_12_collisions
     0000000B  ___bank_scene_12_init              scene_12_init
     0000000B  ___bank_scene_1_collisions         scene_1_collisions
     0000000B  ___bank_scene_1_init               scene_1_init
     0000000B  ___bank_scene_2_init               scene_2_init
     0000000B  ___bank_scene_3_actors             scene_3_actors
     0000000B  ___bank_scene_3_init               scene_3_init
     0000000B  ___bank_scene_5_actors             scene_5_actors
     0000000B  ___bank_scene_5_collisions         scene_5_collisions
     0000000B  ___bank_scene_8_init               scene_8_init
     0000000B  ___bank_scene_9_init               scene_9_init
     0000000B  ___bank_script_input               script_input
     0000000B  ___bank_script_input_0             script_input_0
     0000000B  ___bank_script_input_1             script_input_1
     0000000B  ___bank_script_input_3             script_input_3
     0000000B  ___bank_script_input_4             script_input_4
     0000000B  ___bank_script_input_5             script_input_5
     0000000B  ___bank_script_input_6             script_input_6
     0000000B  ___bank_script_input_7             script_input_7
     0000000B  ___bank_sprite_actor_animated      sprite_actor_animated
     0000000B  ___bank_sprite_actor_animated_ba   sprite_actor_animated_bank2_
     0000000B  ___bank_sprite_character_gabian    sprite_character_gabian
     0000000B  ___bank_sprite_character_gabian_   sprite_character_gabian_bank
     0000000B  ___bank_sprite_character_gabian_   sprite_character_gabian_tile
     0000000B  ___bank_sprite_cursor_rat          sprite_cursor_rat
     0000000B  ___bank_sprite_cursor_rat_bank2_   sprite_cursor_rat_bank2_tile
     0000000B  ___bank_sprite_cursor_rat_tilese   sprite_cursor_rat_tileset
     0000000B  ___bank_sprite_cursor_ratcock      sprite_cursor_ratcock
     0000000B  ___bank_sprite_cursor_ratcock_ba   sprite_cursor_ratcock_bank2_
     0000000B  ___bank_sprite_cursor_ratcock_ti   sprite_cursor_ratcock_tilese
     0000000B  ___bank_sprite_fumee_sprite        sprite_fumee_sprite
     0000000B  ___bank_sprite_fumee_sprite_bank   sprite_fumee_sprite_bank2_ti
     0000000B  ___bank_sprite_fumee_sprite_tile   sprite_fumee_sprite_tileset
     0000000B  ___bank_sprite_rat_nexus_header    sprite_rat_nexus_header
     0000000B  ___bank_tileset_default_frame      tileset_default_frame
     0000000B  b_erase_flash                      
     0000000B  b_events_init                      events
     0000000B  b_itoa_fmt                         vm_ui_a
     0000000B  b_music_events_poll                music_manager
     0000000B  b_music_init_driver                music_manager
     0000000B  b_music_init_events                music_manager
     0000000B  b_restore_sram                     flasher
     0000000B  b_restore_sram_bank                flasher
     0000000B  b_save_sram                        flasher
     0000000B  b_save_sram_banks                  
     0000000B  b_timers_init                      events
     0000000B  b_vm_music_mute                    vm_music
     0000000B  b_vm_music_play                    vm_music
ASxxxx Linker V03.00/V05.40 + sdld,  page 10.
Hexadecimal  [32-Bits]

Area                                    Addr        Size        Decimal Bytes (Attributes)
--------------------------------        ----        ----        ------- ----- ------------
.  .ABS.                            00000000    00000000 =           0. bytes (ABS,CON)

      Value  Global                              Global Defined In Module
      -----  --------------------------------   ------------------------
     0000000B  b_vm_music_routine                 vm_music
     0000000B  b_vm_music_setpos                  vm_music
     0000000B  b_vm_music_stop                    vm_music
     0000000B  b_vm_print_detect                  vm_gbprinter
     0000000B  b_vm_print_overlay                 vm_gbprinter
     0000000B  b_vm_projectile_launch             vm_projectiles
     0000000B  b_vm_projectile_load_type          vm_projectiles
     0000000B  b_vm_rtc_get                       vm_rtc
     0000000B  b_vm_rtc_latch                     vm_rtc
     0000000B  b_vm_rtc_set                       vm_rtc
     0000000B  b_vm_rtc_start                     vm_rtc
     0000000B  b_vm_save_clear                    vm_load_save
     0000000B  b_vm_save_peek                     vm_load_save
     0000000B  b_vm_scene_pop                     vm_scene
     0000000B  b_vm_scene_pop_all                 vm_scene
     0000000B  b_vm_scene_push                    vm_scene
     0000000B  b_vm_scene_stack_reset             vm_scene
     0000000B  b_vm_sfx_play                      vm_music
     0000000B  b_vm_sound_mastervol               vm_music
     0000000C  ___bank_actor_18_update            actor_18_update
     0000000C  ___bank_actor_22_update            actor_22_update
     0000000C  ___bank_actor_23_update            actor_23_update
     0000000C  ___bank_actor_24_update            actor_24_update
     0000000C  ___bank_actor_25_update            actor_25_update
     0000000C  ___bank_actor_26_update            actor_26_update
     0000000C  ___bank_actor_27_update            actor_27_update
     0000000C  ___bank_actor_28_update            actor_28_update
     0000000C  ___bank_bg_1728810502_4            bg_1728810502_4
     0000000C  ___bank_bg_background_bigmaptile   bg_background_bigmaptiled2
     0000000C  ___bank_bg_background_vitrine_ru   bg_background_vitrine_rue
     0000000C  ___bank_bg_background_vitrine_ru   bg_background_vitrine_rue_c
     0000000C  ___bank_bg_bg_phone                bg_bg_phone
     0000000C  ___bank_bg_environnement_comport   bg_environnement_comporteme
     0000000C  ___bank_bg_lang                    bg_lang
     0000000C  ___bank_bg_limpasse_titre          bg_limpasse_titre
     0000000C  ___bank_bg_logo                    bg_logo
     0000000C  ___bank_bg_soin_bas                bg_soin_bas
     0000000C  ___bank_bg_soin_haut               bg_soin_haut
     0000000C  ___bank_bootstrap_script           
     0000000C  ___bank_emote_anger                emote_anger
     0000000C  ___bank_emote_love                 emote_love
     0000000C  ___bank_emote_music                emote_music
     0000000C  ___bank_emote_pause                emote_pause
     0000000C  ___bank_emote_question             emote_question
     0000000C  ___bank_emote_shock                emote_shock
     0000000C  ___bank_emote_sleep                emote_sleep
     0000000C  ___bank_palette_0                  palette_0
     0000000C  ___bank_palette_1                  palette_1
     0000000C  ___bank_palette_10                 palette_10
     0000000C  ___bank_palette_11                 palette_11
     0000000C  ___bank_palette_12                 palette_12
ASxxxx Linker V03.00/V05.40 + sdld,  page 11.
Hexadecimal  [32-Bits]

Area                                    Addr        Size        Decimal Bytes (Attributes)
--------------------------------        ----        ----        ------- ----- ------------
.  .ABS.                            00000000    00000000 =           0. bytes (ABS,CON)

      Value  Global                              Global Defined In Module
      -----  --------------------------------   ------------------------
     0000000C  ___bank_palette_2                  palette_2
     0000000C  ___bank_palette_3                  palette_3
     0000000C  ___bank_palette_4                  palette_4
     0000000C  ___bank_palette_5                  palette_5
     0000000C  ___bank_palette_6                  palette_6
     0000000C  ___bank_palette_7                  palette_7
     0000000C  ___bank_palette_8                  palette_8
     0000000C  ___bank_palette_9                  palette_9
     0000000C  ___bank_scene_0                    scene_0
     0000000C  ___bank_scene_0_init               scene_0_init
     0000000C  ___bank_scene_1                    scene_1
     0000000C  ___bank_scene_10                   scene_10
     0000000C  ___bank_scene_10_actors            scene_10_actors
     0000000C  ___bank_scene_11                   scene_11
     0000000C  ___bank_scene_11_sprites           scene_11_sprites
     0000000C  ___bank_scene_12                   scene_12
     0000000C  ___bank_scene_2                    scene_2
     0000000C  ___bank_scene_3                    scene_3
     0000000C  ___bank_scene_4                    scene_4
     0000000C  ___bank_scene_4_sprites            scene_4_sprites
     0000000C  ___bank_scene_5                    scene_5
     0000000C  ___bank_scene_5_sprites            scene_5_sprites
     0000000C  ___bank_scene_6                    scene_6
     0000000C  ___bank_scene_6_init               scene_6_init
     0000000C  ___bank_scene_8                    scene_8
     0000000C  ___bank_scene_8_sprites            scene_8_sprites
     0000000C  ___bank_scene_9                    scene_9
     0000000C  ___bank_scene_9_sprites            scene_9_sprites
     0000000C  ___bank_script_input_2             script_input_2
     0000000C  ___bank_sprite_camera_sprite       sprite_camera_sprite
     0000000C  ___bank_sprite_camera_sprite_ban   sprite_camera_sprite_bank2_t
     0000000C  ___bank_sprite_camera_sprite_til   sprite_camera_sprite_tileset
     0000000C  ___bank_sprite_character_cafard    sprite_character_cafard
     0000000C  ___bank_sprite_character_cafard_   sprite_character_cafard_bank
     0000000C  ___bank_sprite_character_cafard_   sprite_character_cafard_tile
     0000000C  ___bank_sprite_cop_4_              sprite_cop_4_
     0000000C  ___bank_sprite_cop_4__bank2_tile   sprite_cop_4__bank2_tileset
     0000000C  ___bank_sprite_cop_4__tileset      sprite_cop_4__tileset
     0000000C  ___bank_sprite_cursor_base         sprite_cursor_base
     0000000C  ___bank_sprite_cursor_base_tiles   sprite_cursor_base_tileset
     0000000C  ___bank_sprite_cursor_stare        sprite_cursor_stare
     0000000C  ___bank_sprite_cursor_stare_bank   sprite_cursor_stare_bank2_ti
     0000000C  ___bank_sprite_cursor_stare_tile   sprite_cursor_stare_tileset
     0000000C  ___bank_sprite_rat_feed_permajam   sprite_rat_feed_permajam_sc_
     0000000C  ___bank_sprite_rat_feed_permajam   sprite_rat_feed_permajam_sc_
     0000000C  ___bank_sprite_rat_feed_permajam   sprite_rat_feed_permajam_sc_
     0000000C  ___bank_sprite_rat_feed_permajam   sprite_rat_feed_permajam_sc_
     0000000C  ___bank_sprite_rat_feed_permajam   sprite_rat_feed_permajam_sc_
     0000000C  ___bank_sprite_rat_feed_permajam   sprite_rat_feed_permajam_sc_
     0000000C  ___bank_sprite_telephone           sprite_telephone
     0000000C  ___bank_sprite_telephone_bank2_t   sprite_telephone_bank2_tiles
ASxxxx Linker V03.00/V05.40 + sdld,  page 12.
Hexadecimal  [32-Bits]

Area                                    Addr        Size        Decimal Bytes (Attributes)
--------------------------------        ----        ----        ------- ----- ------------
.  .ABS.                            00000000    00000000 =           0. bytes (ABS,CON)

      Value  Global                              Global Defined In Module
      -----  --------------------------------   ------------------------
     0000000C  ___bank_sprite_telephone_tileset   sprite_telephone_tileset
     0000000C  ___bank_spritesheet_none           spritesheet_none
     0000000C  b_CGBZeroPalette                   palette
     0000000C  b_SIO_init                         sio
     0000000C  b_input_init                       input
     0000000C  b_palette_init                     palette
     0000000C  b_parallax_init                    parallax
     0000000C  b_scroll_rect                      
     00000015  l__INITIALIZED                  
     00000015  l__INITIALIZER                  
     0000001A  l__HRAM                         
     0000002D  l__GSINIT                       
     00000030  l__HEADER7                      
     00000060  l__HEADER4                      
     000000AB  l__HEADER11                     
     000000FF  ___bank_VM_SGB                     vm_sgb
     000001CB  l__CRASH_SCRATCH2               
     00000200  s__CODE                         
     00000EFB  l__CODE                         
     000010FB  s__HOME                         
     00001167  l__CODE_12                      
     00001A13  l__DATA                         
     00002000  _rROMB0                            
     00002A66  l__HOME                         
     00003000  _rROMB1                            
     00003B61  s__BASE                         
     00003B61  s__CODE_0                       
     00003B61  s__INITIALIZER                  
     00003B61  s__LIT                          
     00003B76  s__GSINIT                       
     00003BA3  s__GSFINAL                      
     00003FFA  l__CODE_10                      
     00003FFD  l__CODE_7                       
     00003FFE  l__CODE_4                       
     00003FFF  l__CODE_11                      
     00003FFF  l__CODE_9                       
     00004000  _RTC_SELECT_REG                    vm_rtc
     00004000  _rMBC7_SRAM_ENABLE_2               
     00004000  _rRAMB                             
     00004000  l__CODE_1                       
     00004000  l__CODE_2                       
     00004000  l__CODE_3                       
     00004000  l__CODE_5                       
     00004000  l__CODE_6                       
     00004000  l__CODE_8                       
     00006000  _RTC_LATCH_REG                     vm_rtc
     00008000  __VRAM                             
     00008000  __VRAM8000                         
     00008800  __VRAM8800                         
     00009000  __VRAM9000                         
     00009800  __SCRN0                            
ASxxxx Linker V03.00/V05.40 + sdld,  page 13.
Hexadecimal  [32-Bits]

Area                                    Addr        Size        Decimal Bytes (Attributes)
--------------------------------        ----        ----        ------- ----- ------------
.  .ABS.                            00000000    00000000 =           0. bytes (ABS,CON)

      Value  Global                              Global Defined In Module
      -----  --------------------------------   ------------------------
     00009C00  __SCRN1                            
     0000A000  _RTC_VALUE_REG                     vm_rtc
     0000A000  __SRAM                             
     0000A000  _rMBC7_LATCH_1                     
     0000A010  _rMBC7_LATCH_2                     
     0000A020  _rMBC7_ACCEL_X_LO                  
     0000A030  _rMBC7_ACCEL_X_HI                  
     0000A040  _rMBC7_ACCEL_Y_LO                  
     0000A050  _rMBC7_ACCEL_Y_HI                  
     0000C000  __RAM                              
     0000C000  _shadow_OAM                     
     0000C0A0  s__DATA                         
     0000D000  __RAMBANK                          
     0000DAB3  s__BSS                          
     0000DAB3  s__INITIALIZED                  
     0000DAC8  s__HEAP                         
     0000DAC8  s__HEAP_END                     
     0000DF00  .STACK                          
     0000DF00  _shadow_OAM2                       absolute
     0000DFA0  _BkgPalette                        absolute
     0000DFE0  _vwf_tile_data                     absolute
     0000FE00  __OAMRAM                           
     0000FF00  _P1_REG                            
     0000FF00  __IO                               
     0000FF01  _SB_REG                            
     0000FF02  _SC_REG                            
     0000FF04  _DIV_REG                           
     0000FF05  _TIMA_REG                          
     0000FF06  _TMA_REG                           
     0000FF07  _TAC_REG                           
     0000FF0F  _IF_REG                            
     0000FF10  _NR10_REG                          
     0000FF11  _NR11_REG                          
     0000FF12  _NR12_REG                          
     0000FF13  _NR13_REG                          
     0000FF14  _NR14_REG                          
     0000FF16  _NR21_REG                          
     0000FF17  _NR22_REG                          
     0000FF18  _NR23_REG                          
     0000FF19  _NR24_REG                          
     0000FF1A  _NR30_REG                          
     0000FF1B  _NR31_REG                          
     0000FF1C  _NR32_REG                          
     0000FF1D  _NR33_REG                          
     0000FF1E  _NR34_REG                          
     0000FF20  _NR41_REG                          
     0000FF21  _NR42_REG                          
     0000FF22  _NR43_REG                          
     0000FF23  _NR44_REG                          
     0000FF24  _NR50_REG                          
     0000FF25  _NR51_REG                          
ASxxxx Linker V03.00/V05.40 + sdld,  page 14.
Hexadecimal  [32-Bits]

Area                                    Addr        Size        Decimal Bytes (Attributes)
--------------------------------        ----        ----        ------- ----- ------------
.  .ABS.                            00000000    00000000 =           0. bytes (ABS,CON)

      Value  Global                              Global Defined In Module
      -----  --------------------------------   ------------------------
     0000FF26  _NR52_REG                          
     0000FF30  _AUD3WAVE                          
     0000FF30  _PCM_SAMPLE                        
     0000FF30  __AUD3WAVERAM                      
     0000FF40  _LCDC_REG                          
     0000FF41  _STAT_REG                          
     0000FF42  _SCY_REG                           
     0000FF43  _SCX_REG                           
     0000FF44  _LY_REG                            
     0000FF45  _LYC_REG                           
     0000FF46  _DMA_REG                           
     0000FF47  _BGP_REG                           
     0000FF48  _OBP0_REG                          
     0000FF49  _OBP1_REG                          
     0000FF4A  _WY_REG                            
     0000FF4B  _WX_REG                            
     0000FF4D  _KEY1_REG                          
     0000FF4F  _VBK_REG                           
     0000FF51  _HDMA1_REG                         
     0000FF52  _HDMA2_REG                         
     0000FF53  _HDMA3_REG                         
     0000FF54  _HDMA4_REG                         
     0000FF55  _HDMA5_REG                         
     0000FF56  _RP_REG                            
     0000FF68  _BCPS_REG                          
     0000FF69  _BCPD_REG                          
     0000FF6A  _OCPS_REG                          
     0000FF6B  _OCPD_REG                          
     0000FF70  _SVBK_REG                          
     0000FF76  _PCM12_REG                         
     0000FF77  _PCM34_REG                         
     0000FF80  __HRAM                             
     0000FF80  s__HRAM                         
     0000FFFF  _IE_REG                            
     00014000  s__CODE_1                       
     00024000  s__CODE_2                       
     00034000  s__CODE_3                       
     00044000  s__CODE_4                       
     00054000  s__CODE_5                       
     00064000  s__CODE_6                       
     00074000  s__CODE_7                       
     00084000  s__CODE_8                       
     00094000  s__CODE_9                       
     000A4000  s__CODE_10                      
     000B4000  s__CODE_11                      
     000C4000  s__CODE_12                      
     00FF4000  s__CODE_255                     

ASxxxx Linker V03.00/V05.40 + sdld,  page 15.
Hexadecimal  [32-Bits]

Area                                    Addr        Size        Decimal Bytes (Attributes)
--------------------------------        ----        ----        ------- ----- ------------
_CODE                               00000200    00000EFB =        3835. bytes (REL,CON)

      Value  Global                              Global Defined In Module
      -----  --------------------------------   ------------------------
     00000206  _core_reset_hook                   main
     0000020E  _main                              main
     00000216  _state_start_fns                   
     0000021C  _state_update_fns                  
     00000222  _save_signature                    game_signature
     00000226  _script_cmds                       vm_instructions
     0000047A  _SIO_send_byte                     
     0000048D  _SIO_receive                       
     0000049E  _state_init                        
     000004A3  _state_update                      
     000004C5  _ui_time_masks                     
     000004CD  _ui_print_shift_char               
     00000550  _ui_draw_frame_row                 
     00000559  .ui_draw_frame_row                 
     00000582  ___HandleCrash                     
     00000590  _GetWinAddr                        
     00000598  _GetBkgAddr                        
     000005A6  _start_scene_x                     
     000005A8  _start_scene_y                     
     000005AA  _start_scene_dir                   
     000005AB  _start_scene                       
     000005AE  _start_player_move_speed           
     000005AF  _start_player_anim_tick            
     000005B0  _ui_fonts                          
     000005B3  _hUGE_init                         hUGEDriver_obj
     000005B5  hUGE_init                          hUGEDriver_obj
     0000060B  _hUGE_mute_channel                 hUGEDriver_obj
     0000060D  hUGE_mute_channel                  hUGEDriver_obj
     0000085B  _hUGE_set_position                 hUGEDriver_obj
     0000085D  hUGE_set_position                  hUGEDriver_obj
     00000A22  _hUGE_dosound                      hUGEDriver_obj
     00000A22  hUGE_dosound                       hUGEDriver_obj
     00000D4E  _get_vram_byte                     
     00000D56  _get_win_tile_xy                   
     00000D5E  _get_bkg_tile_xy                   
     00000D85  _set_sprite_palette                CGB
     00000D8A  _set_bkg_palette                   CGB
     00000D8D  .set_palette                       CGB
     00000DAC  _set_sprite_palette_entry          CGB
     00000DB1  _set_bkg_palette_entry             CGB
     00000DB4  .set_palette_entry                 CGB
     00000DD0  _hide_sprites_range                Metasprites
     00000DFF  __muluschar                        mul
     00000E02  __mulsuchar                        mul
     00000E0C  __muluchar                         mul
     00000E11  __mulschar                         mul
     00000E19  __mulint                           mul
     00000E82  _set_vram_byte                     
     00000E8B  _set_win_tile_xy                   
     00000E94  _set_bkg_tile_xy                   
ASxxxx Linker V03.00/V05.40 + sdld,  page 16.
Hexadecimal  [32-Bits]

Area                                    Addr        Size        Decimal Bytes (Attributes)
--------------------------------        ----        ----        ------- ----- ------------
_CODE                               00000200    00000EFB =        3835. bytes (REL,CON)

      Value  Global                              Global Defined In Module
      -----  --------------------------------   ------------------------
     00000EC3  .sgb_check                         
     00000EC3  _sgb_check                         
     00000F0B  _sgb_transfer                      
     00000F10  .sgb_transfer                      
     00000F51  .copy_vram                         
     00000F57  _get_data                          
     00000F57  _set_data                          
     00000F57  _vmemcpy                           
     00000FA5  ___move_metasprite                 Metasprites
     00000FE2  ___memcpy                          
     00000FE2  _memcpy                            
     00001014  _cpu_slow                          CGB
     0000102F  _cpu_fast                          CGB
     00001036  __moduchar                         divmod
     0000103B  __moduint                          divmod
     00001041  __divuchar                         divmod
     00001046  __divuint                          divmod
     00001084  __modsuchar                        divmod
     0000108A  __divsuchar                        divmod
     00001090  __moduschar                        divmod
     00001096  __divuschar                        divmod
     0000109F  __modschar                         divmod
     000010A5  __modsint                          divmod
     000010AB  .div8                              divmod
     000010AB  .mod8                              divmod
     000010AC  __divschar                         divmod
     000010B5  __divsint                          divmod
     000010E9  .div16                             divmod
     000010E9  .mod16                             divmod
     000010F3  .divu8                             divmod
     000010F3  .modu8                             divmod
     000010F6  .divu16                            divmod
     000010F6  .modu16                            divmod

ASxxxx Linker V03.00/V05.40 + sdld,  page 17.
Hexadecimal  [32-Bits]

Area                                    Addr        Size        Decimal Bytes (Attributes)
--------------------------------        ----        ----        ------- ----- ------------
_HEADER0                            00000000    00000001 =           1. bytes (ABS,CON)

      Value  Global                              Global Defined In Module
      -----  --------------------------------   ------------------------
     00000020  .call_hl                           Runtime

ASxxxx Linker V03.00/V05.40 + sdld,  page 18.
Hexadecimal  [32-Bits]

Area                                    Addr        Size        Decimal Bytes (Attributes)
--------------------------------        ----        ----        ------- ----- ------------
_HEADER1                            00000000    00000005 =           5. bytes (ABS,CON)

      Value  Global                              Global Defined In Module
      -----  --------------------------------   ------------------------
     00000028  .MemsetSmall                       Runtime

ASxxxx Linker V03.00/V05.40 + sdld,  page 19.
Hexadecimal  [32-Bits]

Area                                    Addr        Size        Decimal Bytes (Attributes)
--------------------------------        ----        ----        ------- ----- ------------
_HEADER2                            00000000    00000007 =           7. bytes (ABS,CON)

      Value  Global                              Global Defined In Module
      -----  --------------------------------   ------------------------
     00000030  .MemcpySmall                       Runtime

ASxxxx Linker V03.00/V05.40 + sdld,  page 20.
Hexadecimal  [32-Bits]

Area                                    Addr        Size        Decimal Bytes (Attributes)
--------------------------------        ----        ----        ------- ----- ------------
_HEADER3                            00000000    00000008 =           8. bytes (ABS,CON)

      Value  Global                              Global Defined In Module
      -----  --------------------------------   ------------------------
ASxxxx Linker V03.00/V05.40 + sdld,  page 21.
Hexadecimal  [32-Bits]

Area                                    Addr        Size        Decimal Bytes (Attributes)
--------------------------------        ----        ----        ------- ----- ------------
_HEADER4                            00000000    00000060 =          96. bytes (ABS,CON)

      Value  Global                              Global Defined In Module
      -----  --------------------------------   ------------------------
     00000080  .int                               Runtime
     0000008F  _wait_int_handler                  Runtime
     0000009C  __standard_VBL_handler             Runtime
     000000AB  _refresh_OAM                       Runtime
     000000CC  _set_interrupts                    Runtime

ASxxxx Linker V03.00/V05.40 + sdld,  page 22.
Hexadecimal  [32-Bits]

Area                                    Addr        Size        Decimal Bytes (Attributes)
--------------------------------        ----        ----        ------- ----- ------------
_HEADER5                            00000000    00000001 =           1. bytes (ABS,CON)

      Value  Global                              Global Defined In Module
      -----  --------------------------------   ------------------------
ASxxxx Linker V03.00/V05.40 + sdld,  page 23.
Hexadecimal  [32-Bits]

Area                                    Addr        Size        Decimal Bytes (Attributes)
--------------------------------        ----        ----        ------- ----- ------------
_HEADER6                            00000000    00000002 =           2. bytes (ABS,CON)

      Value  Global                              Global Defined In Module
      -----  --------------------------------   ------------------------
ASxxxx Linker V03.00/V05.40 + sdld,  page 24.
Hexadecimal  [32-Bits]

Area                                    Addr        Size        Decimal Bytes (Attributes)
--------------------------------        ----        ----        ------- ----- ------------
_HEADER7                            00000000    00000030 =          48. bytes (ABS,CON)

      Value  Global                              Global Defined In Module
      -----  --------------------------------   ------------------------
ASxxxx Linker V03.00/V05.40 + sdld,  page 25.
Hexadecimal  [32-Bits]

Area                                    Addr        Size        Decimal Bytes (Attributes)
--------------------------------        ----        ----        ------- ----- ------------
_HEADER8                            00000000    00000006 =           6. bytes (ABS,CON)

      Value  Global                              Global Defined In Module
      -----  --------------------------------   ------------------------
ASxxxx Linker V03.00/V05.40 + sdld,  page 26.
Hexadecimal  [32-Bits]

Area                                    Addr        Size        Decimal Bytes (Attributes)
--------------------------------        ----        ----        ------- ----- ------------
_HEADER9                            00000000    00000003 =           3. bytes (ABS,CON)

      Value  Global                              Global Defined In Module
      -----  --------------------------------   ------------------------
ASxxxx Linker V03.00/V05.40 + sdld,  page 27.
Hexadecimal  [32-Bits]

Area                                    Addr        Size        Decimal Bytes (Attributes)
--------------------------------        ----        ----        ------- ----- ------------
_HEADERa                            00000000    00000001 =           1. bytes (ABS,CON)

      Value  Global                              Global Defined In Module
      -----  --------------------------------   ------------------------
ASxxxx Linker V03.00/V05.40 + sdld,  page 28.
Hexadecimal  [32-Bits]

Area                                    Addr        Size        Decimal Bytes (Attributes)
--------------------------------        ----        ----        ------- ----- ------------
_HEADERb                            00000000    00000001 =           1. bytes (ABS,CON)

      Value  Global                              Global Defined In Module
      -----  --------------------------------   ------------------------
ASxxxx Linker V03.00/V05.40 + sdld,  page 29.
Hexadecimal  [32-Bits]

Area                                    Addr        Size        Decimal Bytes (Attributes)
--------------------------------        ----        ----        ------- ----- ------------
_HEADERc                            00000000    00000001 =           1. bytes (ABS,CON)

      Value  Global                              Global Defined In Module
      -----  --------------------------------   ------------------------
ASxxxx Linker V03.00/V05.40 + sdld,  page 30.
Hexadecimal  [32-Bits]

Area                                    Addr        Size        Decimal Bytes (Attributes)
--------------------------------        ----        ----        ------- ----- ------------
_HEADERd                            00000000    00000002 =           2. bytes (ABS,CON)

      Value  Global                              Global Defined In Module
      -----  --------------------------------   ------------------------
ASxxxx Linker V03.00/V05.40 + sdld,  page 31.
Hexadecimal  [32-Bits]

Area                                    Addr        Size        Decimal Bytes (Attributes)
--------------------------------        ----        ----        ------- ----- ------------
_HEADERe                            00000000    00000001 =           1. bytes (ABS,CON)

      Value  Global                              Global Defined In Module
      -----  --------------------------------   ------------------------
ASxxxx Linker V03.00/V05.40 + sdld,  page 32.
Hexadecimal  [32-Bits]

Area                                    Addr        Size        Decimal Bytes (Attributes)
--------------------------------        ----        ----        ------- ----- ------------
_HEADERf                            00000000    00000001 =           1. bytes (ABS,CON)

      Value  Global                              Global Defined In Module
      -----  --------------------------------   ------------------------
ASxxxx Linker V03.00/V05.40 + sdld,  page 33.
Hexadecimal  [32-Bits]

Area                                    Addr        Size        Decimal Bytes (Attributes)
--------------------------------        ----        ----        ------- ----- ------------
_HEADER10                           00000000    00000002 =           2. bytes (ABS,CON)

      Value  Global                              Global Defined In Module
      -----  --------------------------------   ------------------------
ASxxxx Linker V03.00/V05.40 + sdld,  page 34.
Hexadecimal  [32-Bits]

Area                                    Addr        Size        Decimal Bytes (Attributes)
--------------------------------        ----        ----        ------- ----- ------------
_HEADER11                           00000000    000000AB =         171. bytes (ABS,CON)

      Value  Global                              Global Defined In Module
      -----  --------------------------------   ------------------------
     00000150  .reset                             Runtime
     00000150  _reset                             Runtime
     00000157  .code_start                        Runtime
     000001B9  _exit                              Runtime
     000001BD  .wait_vbl_done                     Runtime
     000001BD  _vsync                             Runtime
     000001BD  _wait_vbl_done                     Runtime
     000001CD  .remove_VBL                        Runtime
     000001CD  _remove_VBL                        Runtime
     000001D0  .remove_int                        Runtime
     000001ED  .add_VBL                           Runtime
     000001ED  _add_VBL                           Runtime
     000001F0  .add_int                           Runtime

ASxxxx Linker V03.00/V05.40 + sdld,  page 35.
Hexadecimal  [32-Bits]

Area                                    Addr        Size        Decimal Bytes (Attributes)
--------------------------------        ----        ----        ------- ----- ------------
_HOME                               000010FB    00002A66 =       10854. bytes (REL,CON)

      Value  Global                              Global Defined In Module
      -----  --------------------------------   ------------------------
     000010FB  .memset_simple                     Runtime
     00001104  .memcpy_simple                     Runtime
     00001121  .display_off                       Runtime
     00001121  _display_off                       Runtime
     00001139  _SetBankedBkgData                  bankdata
     00001153  _SetBankedSpriteData               bankdata
     0000116D  _SetBankedBkgTiles                 bankdata
     00001187  _SetBankedWinTiles                 bankdata
     000011A1  _ReadBankedFarPtr                  bankdata
     000011C1  _ReadBankedUWORD                   bankdata
     000011D9  _MemcpyBanked                      bankdata
     000011FB  _MemcpyVRAMBanked                  bankdata
     0000122A  _IndexOfFarPtr                     bankdata
     0000129F  _tile_col_test_range_y             collision
     00001371  _tile_col_test_range_x             collision
     00001430  .timer_ISR                         
     00001445  _vm_sgb_transfer                   vm_sgb
     0000148D  _set_bkg_submap                    
     000014D0  _set_xy_win_submap                 
     000014FD  .set_xy_win_submap                 
     00001506  .set_xy_bkg_submap                 
     00001515  .set_xy_submap                     
     00001561  .sio_ISR                           
     000015BB  _sfx_play_isr                      sfx_player
     00001694  _vm_switch                         vm
     000017B0  _vm_beginthread                    vm
     000018BC  _vm_rpn                            vm
     00002433  _vm_get_far                        vm
     0000248A  _vm_call_native                    vm
     00002496  _vm_asm                            vm
     000024AE  _VM_STEP                           vm
     00002513  _script_runner_update              vm
     0000268E  _actors_render                     actor
     00002994  _actor_set_frames                  actor
     000029E1  _actor_set_anim_idle               actor
     00002A01  _load_animations                   data_manager
     00002BEA  _vm_load_text                      vm_ui
     00002CA9  _vm_load_text_ex                   vm_ui
     00002D00  _scroll_load_pending_row           scroll
     00002D8D  _scroll_load_row                   scroll
     00002E02  _scroll_load_col                   scroll
     00002E6F  _scroll_load_pending_col           scroll
     00002F60  _projectiles_update                projectiles
     000032E5  _projectiles_render                projectiles
     00003396  _hUGETrackerRoutine                music_manager
     000033BD  _music_events_update               music_manager
     00003446  _music_play_isr                    music_manager
     000034E1  _events_update                     events
     000035AD  _timers_update                     events
     00003644  _on_SIO_receive                    sio
ASxxxx Linker V03.00/V05.40 + sdld,  page 36.
Hexadecimal  [32-Bits]

Area                                    Addr        Size        Decimal Bytes (Attributes)
--------------------------------        ----        ----        ------- ----- ------------
_HOME                               000010FB    00002A66 =       10854. bytes (REL,CON)

      Value  Global                              Global Defined In Module
      -----  --------------------------------   ------------------------
     00003687  _SIO_update                        sio
     000036E8  _input_update                      input
     00003716  _parallax_LCD_isr                  parallax
     00003753  _simple_LCD_isr                    interrupts
     000037D2  _fullscreen_LCD_isr                interrupts
     000037FE  _VBL_isr                           interrupts
     00003848  _fill_win_rect                     
     0000385A  _rand                              
     0000385A  _randw                             
     00003885  _initrand                          
     00003887  .initrand                          
     00003890  _get_bkg_data                      
     00003890  _get_win_data                      
     000038DD  _get_sprite_data                   
     00003910  _abs                               abs
     0000391D  _set_win_tiles                     
     00003931  _set_tile_data                     
     00003936  _set_bkg_data                      
     00003936  _set_win_data                      
     0000393E  _set_sprite_data                   
     0000396E  _reverse                           reverse
     000039A2  ___call__banked                    far_ptr
     000039BF  _to_far_ptr                        far_ptr
     000039F5  .add_LCD                           
     000039F5  _add_LCD                           
     000039FB  .remove_LCD                        
     000039FB  _remove_LCD                        
     00003A01  .fill_rect_wtt                     
     00003A0A  .fill_rect_btt                     
     00003A57  .padup                             
     00003A57  _waitpadup                         
     00003A67  .jpad                              
     00003A67  _joypad                            
     00003A8F  _waitpad                           
     00003A90  .wait_pad                          
     00003A97  _fill_bkg_rect                     
     00003AA9  ___sdcc_call_hl                    call_hl
     00003AAA  _memset                            memset
     00003ADD  .set_xy_wtt                        SetTileMap
     00003AE6  .set_xy_btt                        SetTileMap
     00003AF5  .set_xy_tt                         SetTileMap
     00003B39  ___sdcc_bcall_ehl                  
     00003B4D  _set_bkg_tiles                     
ASxxxx Linker V03.00/V05.40 + sdld,  page 37.
Hexadecimal  [32-Bits]

Area                                    Addr        Size        Decimal Bytes (Attributes)
--------------------------------        ----        ----        ------- ----- ------------
_INITIALIZER                        00003B61    00000015 =          21. bytes (REL,CON)

      Value  Global                              Global Defined In Module
      -----  --------------------------------   ------------------------
ASxxxx Linker V03.00/V05.40 + sdld,  page 38.
Hexadecimal  [32-Bits]

Area                                    Addr        Size        Decimal Bytes (Attributes)
--------------------------------        ----        ----        ------- ----- ------------
_GSINIT                             00003B76    0000002D =          45. bytes (REL,CON)

      Value  Global                              Global Defined In Module
      -----  --------------------------------   ------------------------
     00003B76  gsinit                             Runtime

ASxxxx Linker V03.00/V05.40 + sdld,  page 39.
Hexadecimal  [32-Bits]

Area                                    Addr        Size        Decimal Bytes (Attributes)
--------------------------------        ----        ----        ------- ----- ------------
_GSFINAL                            00003BA3    00000001 =           1. bytes (REL,CON)

      Value  Global                              Global Defined In Module
      -----  --------------------------------   ------------------------
ASxxxx Linker V03.00/V05.40 + sdld,  page 40.
Hexadecimal  [32-Bits]

Area                                    Addr        Size        Decimal Bytes (Attributes)
--------------------------------        ----        ----        ------- ----- ------------
_DATA                               0000C0A0    00001A13 =        6675. bytes (REL,CON)

      Value  Global                              Global Defined In Module
      -----  --------------------------------   ------------------------
     0000C0A0  __cpu                              Runtime
     0000C0A1  __is_GBA                           Runtime
     0000C0A2  .mode                              Runtime
     0000C0A3  .sys_time                          Runtime
     0000C0A3  _sys_time                          Runtime
     0000C0A5  .int_0x40                          Runtime
     0000C0B1  .image_tile_width                  
     0000C0B2  _SIO_status                        
     0000C0B3  _link_byte_sent                    
     0000C0B4  _link_next_mode                    
     0000C0B5  _sfx_play_bank                     sfx_player
     0000C0B6  _sfx_play_sample                   sfx_player
     0000C0B8  _sfx_frame_skip                    sfx_player
     0000C0B9  __is_CGB                           system
     0000C0BA  __is_SGB                           system
     0000C0BB  __current_ram_bank                 system
     0000C0BC  _game_time                         game_time
     0000C0BD  _win_pos_x                         ui
     0000C0BE  _win_dest_pos_x                    ui
     0000C0BF  _win_pos_y                         ui
     0000C0C0  _win_dest_pos_y                    ui
     0000C0C1  _win_speed                         ui
     0000C0C2  _text_drawn                        ui
     0000C0C3  _current_text_speed                ui
     0000C0C4  _text_options                      ui
     0000C0C5  _text_in_speed                     ui
     0000C0C6  _text_out_speed                    ui
     0000C0C7  _text_draw_speed                   ui
     0000C0C8  _text_ff_joypad                    ui
     0000C0C9  _text_ff                           ui
     0000C0CA  _text_bkg_fill                     ui
     0000C0CB  _ui_text_data                      ui
     0000C1D6  _vwf_current_mask                  ui
     0000C1D7  _vwf_current_rotate                ui
     0000C1D8  _vwf_inverse_map                   ui
     0000C1D9  _vwf_direction                     ui
     0000C1DA  _vwf_current_font_desc             ui
     0000C1E2  _vwf_current_font_bank             ui
     0000C1E3  _vwf_current_font_idx              ui
     0000C1E4  _text_render_base_addr             ui
     0000C1E6  _text_scroll_addr                  ui
     0000C1E8  _text_scroll_width                 ui
     0000C1E9  _text_scroll_height                ui
     0000C1EA  _text_scroll_fill                  ui
     0000C1EB  _text_sound_mask                   ui
     0000C1EC  _text_sound_bank                   ui
     0000C1ED  _text_sound_data                   ui
     0000C1EF  _overlay_priority                  ui
     0000C1F0  _text_palette                      ui
     0000C1FD  _CTXS                              vm
ASxxxx Linker V03.00/V05.40 + sdld,  page 41.
Hexadecimal  [32-Bits]

Area                                    Addr        Size        Decimal Bytes (Attributes)
--------------------------------        ----        ----        ------- ----- ------------
_DATA                               0000C0A0    00001A13 =        6675. bytes (REL,CON)

      Value  Global                              Global Defined In Module
      -----  --------------------------------   ------------------------
     0000C32D  _first_ctx                         vm
     0000C32F  _free_ctxs                         vm
     0000C331  _old_executing_ctx                 vm
     0000C333  _executing_ctx                     vm
     0000C335  _vm_lock_state                     vm
     0000C336  _vm_loaded_state                   vm
     0000C337  _vm_exception_code                 vm
     0000C338  _vm_exception_params_length        vm
     0000C339  _vm_exception_params_bank          vm
     0000C33A  _vm_exception_params_offset        vm
     0000C33F  _script_memory                     vm
     0000D145  _actors                            actor
     0000D5DD  _actors_active_head                actor
     0000D5DF  _actors_active_tail                actor
     0000D5E1  _actors_inactive_head              actor
     0000D5E3  _screen_x                          actor
     0000D5E4  _screen_y                          actor
     0000D5E5  _invalid                           actor
     0000D5E7  _player_moving                     actor
     0000D5E8  _player_iframes                    actor
     0000D5E9  _player_collision_actor            actor
     0000D5EB  _emote_actor                       actor
     0000D5ED  _emote_timer                       actor
     0000D5EE  _allocated_sprite_tiles            actor
     0000D5EF  _allocated_hardware_sprites        actor
     0000D5FA  _current_scene                     data_manager
     0000D5FD  _image_bank                        data_manager
     0000D5FE  _image_ptr                         data_manager
     0000D600  _image_attr_bank                   data_manager
     0000D601  _image_attr_ptr                    data_manager
     0000D603  _collision_bank                    data_manager
     0000D604  _collision_ptr                     data_manager
     0000D606  _image_tile_width                  data_manager
     0000D607  _image_tile_height                 data_manager
     0000D608  _image_width                       data_manager
     0000D60A  _image_height                      data_manager
     0000D60C  _image_width_subpx                 data_manager
     0000D60E  _image_height_subpx                data_manager
     0000D610  _sprites_len                       data_manager
     0000D611  _actors_len                        data_manager
     0000D612  _projectiles_len                   data_manager
     0000D613  _player_sprite_len                 data_manager
     0000D614  _scene_type                        data_manager
     0000D615  _scene_LCD_type                    data_manager
     0000D616  _scene_stack                       data_manager
     0000D656  _scene_stack_ptr                   data_manager
     0000D658  _scene_sprites_base_tiles          data_manager
     0000D698  _scroll_x                          scroll
     0000D69A  _scroll_y                          scroll
     0000D69C  _draw_scroll_x                     scroll
     0000D69E  _draw_scroll_y                     scroll
ASxxxx Linker V03.00/V05.40 + sdld,  page 42.
Hexadecimal  [32-Bits]

Area                                    Addr        Size        Decimal Bytes (Attributes)
--------------------------------        ----        ----        ------- ----- ------------
_DATA                               0000C0A0    00001A13 =        6675. bytes (REL,CON)

      Value  Global                              Global Defined In Module
      -----  --------------------------------   ------------------------
     0000D6A0  _scroll_x_min                      scroll
     0000D6A2  _scroll_y_min                      scroll
     0000D6A4  _scroll_x_max                      scroll
     0000D6A6  _scroll_y_max                      scroll
     0000D6A8  _scroll_offset_x                   scroll
     0000D6A9  _scroll_offset_y                   scroll
     0000D6AA  _pending_h_x                       scroll
     0000D6AB  _pending_h_y                       scroll
     0000D6AC  _pending_h_i                       scroll
     0000D6AD  _pending_w_x                       scroll
     0000D6AE  _pending_w_y                       scroll
     0000D6AF  _pending_w_i                       scroll
     0000D6B0  _current_row                       scroll
[...]
C:/Users/Admin/AppData/Local/Temp/_gbsbuild/obj/actor_41_update.rel
                                          [ actor_41_update ]
C:/Users/Admin/AppData/Local/Temp/_gbsbuild/obj/actor_52_update.rel
                                          [ actor_52_update ]
C:/Users/Admin/AppData/Local/Temp/_gbsbuild/obj/actor_53_update.rel
                                          [ actor_53_update ]
C:/Users/Admin/AppData/Local/Temp/_gbsbuild/obj/actor_0_update.rel
                                          [ actor_0_update ]
C:/Users/Admin/AppData/Local/Temp/_gbsbuild/obj/actor_6_update.rel
                                          [ actor_6_update ]
C:/Users/Admin/AppData/Local/Temp/_gbsbuild/obj/actor_11_update.rel
                                          [ actor_11_update ]
C:/Users/Admin/AppData/Local/Temp/_gbsbuild/obj/actor_8_update.rel
                                          [ actor_8_update ]
C:/Users/Admin/AppData/Local/Temp/_gbsbuild/obj/actor_12_update.rel
                                          [ actor_12_update ]
C:/Users/Admin/AppData/Local/Temp/_gbsbuild/obj/actor_10_update.rel
                                          [ actor_10_update ]
C:/Users/Admin/AppData/Local/Temp/_gbsbuild/obj/actor_49_update.rel
                                          [ actor_49_update ]
C:/Users/Admin/AppData/Local/Temp/_gbsbuild/obj/scene_1_init.rel
                                          [ scene_1_init ]
C:/Users/Admin/AppData/Local/Temp/_gbsbuild/obj/actor_32_update.rel
                                          [ actor_32_update ]
C:/Users/Admin/AppData/Local/Temp/_gbsbuild/obj/actor_2_update.rel
                                          [ actor_2_update ]
C:/Users/Admin/AppData/Local/Temp/_gbsbuild/obj/actor_31_update.rel
                                          [ actor_31_update ]
C:/Users/Admin/AppData/Local/Temp/_gbsbuild/obj/actor_15_update.rel
                                          [ actor_15_update ]
C:/Users/Admin/AppData/Local/Temp/_gbsbuild/obj/actor_16_update.rel
                                          [ actor_16_update ]
C:/Users/Admin/AppData/Local/Temp/_gbsbuild/obj/actor_20_update.rel
                                          [ actor_20_update ]
C:/Users/Admin/AppData/Local/Temp/_gbsbuild/obj/actor_33_update.rel
                                          [ actor_33_update ]
C:/Users/Admin/AppData/Local/Temp/_gbsbuild/obj/actor_14_update.rel
                                          [ actor_14_update ]
C:/Users/Admin/AppData/Local/Temp/_gbsbuild/obj/actor_3_update.rel
                                          [ actor_3_update ]
C:/Users/Admin/AppData/Local/Temp/_gbsbuild/obj/actor_17_update.rel
                                          [ actor_17_update ]
C:/Users/Admin/AppData/Local/Temp/_gbsbuild/obj/actor_7_update.rel
                                          [ actor_7_update ]
C:/Users/Admin/AppData/Local/Temp/_gbsbuild/obj/actor_35_update.rel
                                          [ actor_35_update ]
C:/Users/Admin/AppData/Local/Temp/_gbsbuild/obj/actor_9_update.rel
                                          [ actor_9_update ]
C:/Users/Admin/AppData/Local/Temp/_gbsbuild/obj/actor_34_update.rel
                                          [ actor_34_update ]
C:/Users/Admin/AppData/Local/Temp/_gbsbuild/obj/actor_18_update.rel
                                          [ actor_18_update ]
C:/Users/Admin/AppData/Local/Temp/_gbsbuild/obj/palette.rel
                                          [ palette ]
C:/Users/Admin/AppData/Local/Temp/_gbsbuild/obj/sprite_cop_4_.rel
                                          [ sprite_cop_4_ ]
C:/Users/Admin/AppData/Local/Temp/_gbsbuild/obj/sprite_character_cafard.rel
                                          [ sprite_character_cafard ]
C:/Users/Admin/AppData/Local/Temp/_gbsbuild/obj/sprite_camera_sprite.rel
                                          [ sprite_camera_sprite ]
C:/Users/Admin/AppData/Local/Temp/_gbsbuild/obj/sprite_telephone.rel
                                          [ sprite_telephone ]
C:/Users/Admin/AppData/Local/Temp/_gbsbuild/obj/palette_8.rel
                                          [ palette_8 ]
C:/Users/Admin/AppData/Local/Temp/_gbsbuild/obj/palette_7.rel
                                          [ palette_7 ]
C:/Users/Admin/AppData/Local/Temp/_gbsbuild/obj/scene_2.rel
                                          [ scene_2 ]
C:/Users/Admin/AppData/Local/Temp/_gbsbuild/obj/palette_6.rel
                                          [ palette_6 ]
C:/Users/Admin/AppData/Local/Temp/_gbsbuild/obj/palette_5.rel
                                          [ palette_5 ]
C:/Users/Admin/AppData/Local/Temp/_gbsbuild/obj/palette_4.rel
                                          [ palette_4 ]
C:/Users/Admin/AppData/Local/Temp/_gbsbuild/obj/palette_3.rel
                                          [ palette_3 ]
C:/Users/Admin/AppData/Local/Temp/_gbsbuild/obj/scene_3.rel
                                          [ scene_3 ]
C:/Users/Admin/AppData/Local/Temp/_gbsbuild/obj/scene_12.rel
                                          [ scene_12 ]
C:/Users/Admin/AppData/Local/Temp/_gbsbuild/obj/palette_12.rel
                                          [ palette_12 ]
C:/Users/Admin/AppData/Local/Temp/_gbsbuild/obj/palette_11.rel
                                          [ palette_11 ]
C:/Users/Admin/AppData/Local/Temp/_gbsbuild/obj/palette_10.rel
                                          [ palette_10 ]
C:/Users/Admin/AppData/Local/Temp/_gbsbuild/obj/scene_4.rel
                                          [ scene_4 ]
C:/Users/Admin/AppData/Local/Temp/_gbsbuild/obj/palette_1.rel
                                          [ palette_1 ]
C:/Users/Admin/AppData/Local/Temp/_gbsbuild/obj/palette_0.rel
                                          [ palette_0 ]
C:/Users/Admin/AppData/Local/Temp/_gbsbuild/obj/palette_9.rel
                                          [ palette_9 ]
C:/Users/Admin/AppData/Local/Temp/_gbsbuild/obj/scene_0.rel
                                          [ scene_0 ]
C:/Users/Admin/AppData/Local/Temp/_gbsbuild/obj/scene_5.rel
                                          [ scene_5 ]
C:/Users/Admin/AppData/Local/Temp/_gbsbuild/obj/scene_9.rel
                                          [ scene_9 ]
C:/Users/Admin/AppData/Local/Temp/_gbsbuild/obj/scene_1.rel
                                          [ scene_1 ]
C:/Users/Admin/AppData/Local/Temp/_gbsbuild/obj/scene_6.rel
                                          [ scene_6 ]
C:/Users/Admin/AppData/Local/Temp/_gbsbuild/obj/scene_11.rel
                                          [ scene_11 ]
C:/Users/Admin/AppData/Local/Temp/_gbsbuild/obj/palette_2.rel
                                          [ palette_2 ]
C:/Users/Admin/AppData/Local/Temp/_gbsbuild/obj/scene_10.rel
                                          [ scene_10 ]
C:/Users/Admin/AppData/Local/Temp/_gbsbuild/obj/scene_8.rel
                                          [ scene_8 ]
C:/Users/Admin/AppData/Local/Temp/_gbsbuild/obj/sprite_character_cafard_bank2_tileset.rel
                                          [ sprite_character_cafard_bank2_ti ]
C:/Users/Admin/AppData/Local/Temp/_gbsbuild/obj/sprite_character_cafard_tileset.rel
                                          [ sprite_character_cafard_tileset ]
C:/Users/Admin/AppData/Local/Temp/_gbsbuild/obj/sprite_cop_4__bank2_tileset.rel
                                          [ sprite_cop_4__bank2_tileset ]
C:/Users/Admin/AppData/Local/Temp/_gbsbuild/obj/sprite_cop_4__tileset.rel
                                          [ sprite_cop_4__tileset ]
C:/Users/Admin/AppData/Local/Temp/_gbsbuild/obj/sprite_rat_feed_permajam_sc_1_tileset.rel
                                          [ sprite_rat_feed_permajam_sc_1_ti ]
C:/Users/Admin/AppData/Local/Temp/_gbsbuild/obj/sprite_rat_feed_permajam_sc_2_bank2_tileset.rel
                                          [ sprite_rat_feed_permajam_sc_2_ba ]
C:/Users/Admin/AppData/Local/Temp/_gbsbuild/obj/sprite_camera_sprite_tileset.rel
                                          [ sprite_camera_sprite_tileset ]
C:/Users/Admin/AppData/Local/Temp/_gbsbuild/obj/sprite_rat_feed_permajam_sc_2_tileset.rel
                                          [ sprite_rat_feed_permajam_sc_2_ti ]
C:/Users/Admin/AppData/Local/Temp/_gbsbuild/obj/sprite_telephone_bank2_tileset.rel
                                          [ sprite_telephone_bank2_tileset ]
C:/Users/Admin/AppData/Local/Temp/_gbsbuild/obj/sprite_camera_sprite_bank2_tileset.rel
                                          [ sprite_camera_sprite_bank2_tiles ]
C:/Users/Admin/AppData/Local/Temp/_gbsbuild/obj/sprite_telephone_tileset.rel
                                          [ sprite_telephone_tileset ]
C:/Users/Admin/AppData/Local/Temp/_gbsbuild/obj/sprite_rat_feed_permajam_sc_1_bank2_tileset.rel
                                          [ sprite_rat_feed_permajam_sc_1_ba ]
C:/Users/Admin/AppData/Local/Temp/_gbsbuild/obj/emote_music.rel
                                          [ emote_music ]
C:/Users/Admin/AppData/Local/Temp/_gbsbuild/obj/emote_pause.rel
                                          [ emote_pause ]
C:/Users/Admin/AppData/Local/Temp/_gbsbuild/obj/emote_question.rel
                                          [ emote_question ]
C:/Users/Admin/AppData/Local/Temp/_gbsbuild/obj/emote_shock.rel
                                          [ emote_shock ]
C:/Users/Admin/AppData/Local/Temp/_gbsbuild/obj/emote_sleep.rel
                                          [ emote_sleep ]
C:/Users/Admin/AppData/Local/Temp/_gbsbuild/obj/emote_anger.rel
                                          [ emote_anger ]
C:/Users/Admin/AppData/Local/Temp/_gbsbuild/obj/emote_love.rel
                                          [ emote_love ]
C:/Users/Admin/AppData/Local/Temp/_gbsbuild/obj/sprite_rat_feed_permajam_sc_2.rel
                                          [ sprite_rat_feed_permajam_sc_2 ]
C:/Users/Admin/AppData/Local/Temp/_gbsbuild/obj/sprite_rat_feed_permajam_sc_1.rel
                                          [ sprite_rat_feed_permajam_sc_1 ]
C:/Users/Admin/AppData/Local/Temp/_gbsbuild/obj/scroll_a.rel
                                          [  ]
C:/Users/Admin/AppData/Local/Temp/_gbsbuild/obj/script_input_2.rel
                                          [ script_input_2 ]
C:/Users/Admin/AppData/Local/Temp/_gbsbuild/obj/scene_10_actors.rel
                                          [ scene_10_actors ]
C:/Users/Admin/AppData/Local/Temp/_gbsbuild/obj/sprite_cursor_stare.rel
                                          [ sprite_cursor_stare ]
C:/Users/Admin/AppData/Local/Temp/_gbsbuild/obj/sprite_cursor_base.rel
                                          [ sprite_cursor_base ]
C:/Users/Admin/AppData/Local/Temp/_gbsbuild/obj/sprite_none.rel
                                          [ sprite_none ]
C:/Users/Admin/AppData/Local/Temp/_gbsbuild/obj/math.rel
                                          [ math ]
C:/Users/Admin/AppData/Local/Temp/_gbsbuild/obj/sio.rel
                                          [ sio ]
C:/Users/Admin/AppData/Local/Temp/_gbsbuild/obj/sprite_cursor_stare_tileset.rel
                                          [ sprite_cursor_stare_tileset ]
C:/Users/Admin/AppData/Local/Temp/_gbsbuild/obj/sprite_cursor_base_tileset.rel
                                          [ sprite_cursor_base_tileset ]
C:/Users/Admin/AppData/Local/Temp/_gbsbuild/obj/sprite_cursor_stare_bank2_tileset.rel
                                          [ sprite_cursor_stare_bank2_tilese ]
C:/Users/Admin/AppData/Local/Temp/_gbsbuild/obj/input.rel
                                          [ input ]
C:/Users/Admin/AppData/Local/Temp/_gbsbuild/obj/parallax.rel
                                          [ parallax ]
C:/Users/Admin/AppData/Local/Temp/_gbsbuild/obj/scene_0_init.rel
                                          [ scene_0_init ]
C:/Users/Admin/AppData/Local/Temp/_gbsbuild/obj/actor_25_update.rel
                                          [ actor_25_update ]
C:/Users/Admin/AppData/Local/Temp/_gbsbuild/obj/actor_26_update.rel
                                          [ actor_26_update ]
C:/Users/Admin/AppData/Local/Temp/_gbsbuild/obj/actor_22_update.rel
                                          [ actor_22_update ]
C:/Users/Admin/AppData/Local/Temp/_gbsbuild/obj/actor_23_update.rel
                                          [ actor_23_update ]
C:/Users/Admin/AppData/Local/Temp/_gbsbuild/obj/actor_24_update.rel
                                          [ actor_24_update ]
C:/Users/Admin/AppData/Local/Temp/_gbsbuild/obj/actor_27_update.rel
                                          [ actor_27_update ]
C:/Users/Admin/AppData/Local/Temp/_gbsbuild/obj/actor_28_update.rel
                                          [ actor_28_update ]
C:/Users/Admin/AppData/Local/Temp/_gbsbuild/obj/spritesheet_none.rel
                                          [ spritesheet_none ]
C:/Users/Admin/AppData/Local/Temp/_gbsbuild/obj/interrupts.rel
                                          [ interrupts ]
C:/Users/Admin/AppData/Local/Temp/_gbsbuild/obj/cursor_image.rel
                                          [ cursor_image ]
C:/Users/Admin/AppData/Local/Temp/_gbsbuild/obj/script_engine_init.rel
                                          [  ]
C:/Users/Admin/AppData/Local/Temp/_gbsbuild/obj/scene_4_sprites.rel
                                          [ scene_4_sprites ]
C:/Users/Admin/AppData/Local/Temp/_gbsbuild/obj/scene_6_init.rel
                                          [ scene_6_init ]
C:/Users/Admin/AppData/Local/Temp/_gbsbuild/obj/bg_background_vitrine_rue_c.rel
                                          [ bg_background_vitrine_rue_c ]
C:/Users/Admin/AppData/Local/Temp/_gbsbuild/obj/bg_background_bigmaptiled2.rel
                                          [ bg_background_bigmaptiled2 ]
C:/Users/Admin/AppData/Local/Temp/_gbsbuild/obj/bg_background_vitrine_rue.rel
                                          [ bg_background_vitrine_rue ]
C:/Users/Admin/AppData/Local/Temp/_gbsbuild/obj/bg_soin_haut.rel
                                          [ bg_soin_haut ]
C:/Users/Admin/AppData/Local/Temp/_gbsbuild/obj/bg_1728810502_4.rel
                                          [ bg_1728810502_4 ]
C:/Users/Admin/AppData/Local/Temp/_gbsbuild/obj/bg_environnement_comporteme.rel
                                          [ bg_environnement_comporteme ]
C:/Users/Admin/AppData/Local/Temp/_gbsbuild/obj/bg_soin_bas.rel
                                          [ bg_soin_bas ]
C:/Users/Admin/AppData/Local/Temp/_gbsbuild/obj/bg_lang.rel
                                          [ bg_lang ]
C:/Users/Admin/AppData/Local/Temp/_gbsbuild/obj/bg_limpasse_titre.rel
                                          [ bg_limpasse_titre ]
C:/Users/Admin/AppData/Local/Temp/_gbsbuild/obj/bg_logo.rel
                                          [ bg_logo ]
C:/Users/Admin/AppData/Local/Temp/_gbsbuild/obj/bg_bg_phone.rel
                                          [ bg_bg_phone ]
C:/Users/Admin/AppData/Local/Temp/_gbsbuild/obj/logo.rel
                                          [ logo ]
C:/Users/Admin/AppData/Local/Temp/_gbsbuild/obj/scene_8_sprites.rel
                                          [ scene_8_sprites ]
C:/Users/Admin/AppData/Local/Temp/_gbsbuild/obj/bootstrap.rel
                                          [  ]
C:/Users/Admin/AppData/Local/Temp/_gbsbuild/obj/scene_5_sprites.rel
                                          [ scene_5_sprites ]
C:/Users/Admin/AppData/Local/Temp/_gbsbuild/obj/scene_11_sprites.rel
                                          [ scene_11_sprites ]
C:/Users/Admin/AppData/Local/Temp/_gbsbuild/obj/scene_9_sprites.rel
                                          [ scene_9_sprites ]
C:/Users/Admin/AppData/Local/Temp/_gbsbuild/obj/scene_0_sprites.rel
                                          [ scene_0_sprites ]
C:/Users/Admin/AppData/Local/Temp/_gbsbuild/obj/scene_3_sprites.rel
                                          [ scene_3_sprites ]
C:/Users/Admin/AppData/Local/Temp/_gbsbuild/obj/scene_10_sprites.rel
                                          [ scene_10_sprites ]


Libraries Linked                          [ object file ]

C:\Users\Admin\AppData\Local\Temp/_gbstools/gbdk/lib/gb/gb.lib
                                          [ fill_rect_wi.o ]
C:\Users\Admin\AppData\Local\Temp/_gbstools/gbdk/lib/sm83/sm83.lib
                                          [ rand.o ]
lib/hUGEDriver.lib                        [ hUGEDriver.o ]
C:\Users\Admin\AppData\Local\Temp/_gbstools/gbdk/lib/gb/gb.lib
                                          [ sfr.o ]
C:\Users\Admin\AppData\Local\Temp/_gbstools/gbdk/lib/gb/gb.lib
                                          [ get_data.o ]
C:\Users\Admin\AppData\Local\Temp/_gbstools/gbdk/lib/gb/gb.lib
                                          [ get_tile.o ]
C:\Users\Admin\AppData\Local\Temp/_gbstools/gbdk/lib/gb/gb.lib
                                          [ cgb_palettes.o ]
C:\Users\Admin\AppData\Local\Temp/_gbstools/gbdk/lib/gb/gb.lib
                                          [ metasprites_hide_spr.o ]
C:\Users\Admin\AppData\Local\Temp/_gbstools/gbdk/lib/sm83/sm83.lib
                                          [ mul.o ]
C:\Users\Admin\AppData\Local\Temp/_gbstools/gbdk/lib/gb/gb.lib
                                          [ set_tile.o ]
C:\Users\Admin\AppData\Local\Temp/_gbstools/gbdk/lib/sm83/sm83.lib
                                          [ abs.o ]
C:\Users\Admin\AppData\Local\Temp/_gbstools/gbdk/lib/gb/gb.lib
                                          [ set_wi_t.o ]
C:\Users\Admin\AppData\Local\Temp/_gbstools/gbdk/lib/gb/gb.lib
                                          [ set_data.o ]
C:\Users\Admin\AppData\Local\Temp/_gbstools/gbdk/lib/sm83/sm83.lib
                                          [ reverse.o ]
C:\Users\Admin\AppData\Local\Temp/_gbstools/gbdk/lib/gb/gb.lib
                                          [ far_ptr.o ]
C:\Users\Admin\AppData\Local\Temp/_gbstools/gbdk/lib/gb/gb.lib
                                          [ lcd.o ]
C:\Users\Admin\AppData\Local\Temp/_gbstools/gbdk/lib/gb/gb.lib
                                          [ sgb.o ]
C:\Users\Admin\AppData\Local\Temp/_gbstools/gbdk/lib/gb/gb.lib
                                          [ fill_rect.o ]
C:\Users\Admin\AppData\Local\Temp/_gbstools/gbdk/lib/gb/gb.lib
                                          [ cpy_data.o ]
C:\Users\Admin\AppData\Local\Temp/_gbstools/gbdk/lib/gb/gb.lib
                                          [ pad.o ]
C:\Users\Admin\AppData\Local\Temp/_gbstools/gbdk/lib/gb/gb.lib
                                          [ fill_rect_bk.o ]
C:\Users\Admin\AppData\Local\Temp/_gbstools/gbdk/lib/gb/gb.lib
                                          [ metasprites.o ]
C:\Users\Admin\AppData\Local\Temp/_gbstools/gbdk/lib/sm83/sm83.lib
                                          [ memcpy.o ]
C:\Users\Admin\AppData\Local\Temp/_gbstools/gbdk/lib/sm83/sm83.lib
                                          [ __sdcc_call_hl.o ]
C:\Users\Admin\AppData\Local\Temp/_gbstools/gbdk/lib/sm83/sm83.lib
                                          [ _memset.o ]
C:\Users\Admin\AppData\Local\Temp/_gbstools/gbdk/lib/gb/gb.lib
                                          [ set_xy_t.o ]
C:\Users\Admin\AppData\Local\Temp/_gbstools/gbdk/lib/gb/gb.lib
                                          [ ___sdcc_bcall_ehl.o ]
C:\Users\Admin\AppData\Local\Temp/_gbstools/gbdk/lib/gb/gb.lib
                                          [ cgb.o ]
C:\Users\Admin\AppData\Local\Temp/_gbstools/gbdk/lib/sm83/sm83.lib
                                          [ div.o ]
C:\Users\Admin\AppData\Local\Temp/_gbstools/gbdk/lib/gb/gb.lib
                                          [ set_bk_t.o ]

ASxxxx Linker V03.00/V05.40 + sdld,  page 84.

User Base Address Definitions

_DATA=0xC0A0
_CODE=0x0200
_HRAM=0xFF80
ASxxxx Linker V03.00/V05.40 + sdld,  page 85.

User Global Definitions

.STACK=0xDF00
__start_save=0
_shadow_OAM=0xC000

